---
source: src/format/snapshot_tests.rs
expression: "TableFormatter::default().format(&fixtures::mixed_drift_tiers())"
---
🏷  Custom Attribute: trial_started_at
   ⚠ in Git registry but not in Braze (a typo, or no /users/track traffic in this workspace yet)

🏷  Custom Attribute: plan_tier
   ⚠ exists in Braze but not in Git registry (run export)

Summary: 2 changed, 0 in sync, 0 orphan, 0 destructive

ℹ 1 change(s) reported only — not counted by --fail-on-drift. Nothing braze-sync or the Braze dashboard can do resolves them.
